// Jest Snapshot v1, https://goo.gl/fbAQLP

exports[`Snapshot Testing App Snapshot 1`] = `
<DocumentFragment>
  <div>
    <div
      class="nav"
    >
      <div
        class="item item--left"
      >
        <a
          class="item__element element--logo"
          href="/"
        >
          <img
            alt="walter-logo"
            src="logo.png"
          />
        </a>
        <a
          class="item__element item__element--active element--requests"
          data-testid="Example"
          href="/"
        >
          Requests
        </a>
        <a
          class="item__element element--collaborators"
          href="/"
        >
          Collaborators
        </a>
      </div>
      <div
        class="item item--right"
      >
        <span
          class="item__element item__element--bell"
        >
          <svg
            fill="currentColor"
            height="20"
            stroke="currentColor"
            stroke-width="0"
            viewBox="0 0 448 512"
            width="20"
            xmlns="http://www.w3.org/2000/svg"
          >
            <path
              d="M439.39 362.29c-19.32-20.76-55.47-51.99-55.47-154.29 0-77.7-54.48-139.9-127.94-155.16V32c0-17.67-14.32-32-31.98-32s-31.98 14.33-31.98 32v20.84C118.56 68.1 64.08 130.3 64.08 208c0 102.3-36.15 133.53-55.47 154.29-6 6.45-8.66 14.16-8.61 21.71.11 16.4 12.98 32 32.1 32h383.8c19.12 0 32-15.6 32.1-32 .05-7.55-2.61-15.27-8.61-21.71zM67.53 368c21.22-27.97 44.42-74.33 44.53-159.42 0-.2-.06-.38-.06-.58 0-61.86 50.14-112 112-112s112 50.14 112 112c0 .2-.06.38-.06.58.11 85.1 23.31 131.46 44.53 159.42H67.53zM224 512c35.32 0 63.97-28.65 63.97-64H160.03c0 35.35 28.65 64 63.97 64z"
            />
          </svg>
        </span>
        <svg
          class="item__element--icon"
          fill="currentColor"
          height="20"
          stroke="currentColor"
          stroke-width="0"
          viewBox="0 0 1024 1024"
          width="20"
          xmlns="http://www.w3.org/2000/svg"
        >
          <path
            d="M858.5 763.6a374 374 0 0 0-80.6-119.5 375.63 375.63 0 0 0-119.5-80.6c-.4-.2-.8-.3-1.2-.5C719.5 518 760 444.7 760 362c0-137-111-248-248-248S264 225 264 362c0 82.7 40.5 156 102.8 201.1-.4.2-.8.3-1.2.5-44.8 18.9-85 46-119.5 80.6a375.63 375.63 0 0 0-80.6 119.5A371.7 371.7 0 0 0 136 901.8a8 8 0 0 0 8 8.2h60c4.4 0 7.9-3.5 8-7.8 2-77.2 33-149.5 87.8-204.3 56.7-56.7 132-87.9 212.2-87.9s155.5 31.2 212.2 87.9C779 752.7 810 825 812 902.2c.1 4.4 3.6 7.8 8 7.8h60a8 8 0 0 0 8-8.2c-1-47.8-10.9-94.3-29.5-138.2zM512 534c-45.9 0-89.1-17.9-121.6-50.4S340 407.9 340 362c0-45.9 17.9-89.1 50.4-121.6S466.1 190 512 190s89.1 17.9 121.6 50.4S684 316.1 684 362c0 45.9-17.9 89.1-50.4 121.6S557.9 534 512 534z"
          />
        </svg>
        <span
          class="item__element"
        >
          Admin Name
        </span>
        <svg
          class="item__element"
          fill="currentColor"
          height="20"
          stroke="currentColor"
          stroke-width="0"
          viewBox="0 0 24 24"
          width="20"
          xmlns="http://www.w3.org/2000/svg"
        >
          <g>
            <path
              d="M0 0h24v24H0z"
              fill="none"
            />
            <path
              d="M12 15l-4.243-4.243 1.415-1.414L12 12.172l2.828-2.829 1.415 1.414z"
            />
          </g>
        </svg>
      </div>
    </div>
    <div
      class="nav-mobile"
    >
      <a
        class="item__element element--logo"
        href="/"
      >
        <img
          alt="walter-logo"
          src="logo.png"
        />
      </a>
      <a
        class="item__element item__element--active element--requests"
        href="/"
      >
        Requests
      </a>
      <a
        class="item__element element--collaborators"
        href="/"
      >
        Collaborators
      </a>
      <span
        class="item__element item__element--bell element--bell"
      >
        <svg
          fill="currentColor"
          height="20"
          stroke="currentColor"
          stroke-width="0"
          viewBox="0 0 448 512"
          width="20"
          xmlns="http://www.w3.org/2000/svg"
        >
          <path
            d="M439.39 362.29c-19.32-20.76-55.47-51.99-55.47-154.29 0-77.7-54.48-139.9-127.94-155.16V32c0-17.67-14.32-32-31.98-32s-31.98 14.33-31.98 32v20.84C118.56 68.1 64.08 130.3 64.08 208c0 102.3-36.15 133.53-55.47 154.29-6 6.45-8.66 14.16-8.61 21.71.11 16.4 12.98 32 32.1 32h383.8c19.12 0 32-15.6 32.1-32 .05-7.55-2.61-15.27-8.61-21.71zM67.53 368c21.22-27.97 44.42-74.33 44.53-159.42 0-.2-.06-.38-.06-.58 0-61.86 50.14-112 112-112s112 50.14 112 112c0 .2-.06.38-.06.58.11 85.1 23.31 131.46 44.53 159.42H67.53zM224 512c35.32 0 63.97-28.65 63.97-64H160.03c0 35.35 28.65 64 63.97 64z"
          />
        </svg>
      </span>
      <span
        class="item__element element--admin"
      >
        Admin Name
      </span>
    </div>
  </div>
  <div
    class="header-main"
  >
    <div
      class="header-main__item"
    >
      <h3>
        Invoices
      </h3>
    </div>
    <div
      class="header-main__item"
    >
      <button
        class="item__primButton"
      >
        New Invoice
      </button>
      <input
        class="item__input"
        placeholder="Search Invoices"
      />
    </div>
  </div>
  <div>
    <div
      class="content"
    >
      <div
        class="sort"
      >
        <div
          class="sort__div1"
        >
          <a
            class="sort__item sort__item content--underline content--active"
            href="/"
          >
            All
          </a>
          <a
            class=" sort__item"
            href="/pending"
          >
            Pending
          </a>
          <a
            class="sort__item"
            href="/approved"
          >
            Approved
          </a>
        </div>
        <div
          class="sort__div2"
        >
          <span
            class="sort__item--right"
          >
            <span
              class="sort__item--faded"
            >
              Sort By: 
            </span>
            Date
          </span>
          <span
            class="sort__item--right"
          >
            <span
              class="sort__item--faded"
            >
              Sort By: 
            </span>
            Cost
          </span>
          <span
            class="sort__item--right"
          >
            <span
              class="sort__item--faded"
            >
              Showing 
            </span>
             0
          </span>
        </div>
      </div>
      <div
        style="text-align: center;"
      >
        <h1>
          The Content is Loading...
        </h1>
      </div>
    </div>
  </div>
</DocumentFragment>
`;
